npm warn Unknown env config "devdir". This will error in a future major version of npm. See `npm help npmrc` for supported config options.
npm notice run authority-extraction@0.1.0 build:packs
npm notice run node scripts/build-pack-bundle.mjs --upstream upstream
Compiling CBDB…
Compiling DILA…
Staging CHGIS…
Compiling Norbert…
Compiling NDL persons…
Compiling NDL works…
Compiling NDL places…
Compiling NDL orgs…
Staging Wikidata packs…
  person-zh-hant-tang
  person-zh-hant-pre-ming
  person-zh-hant-ming
  person-zh-hant-qing
  place-zh-hant
  person-ja-japan
  place-ja
  person-bo
  place-bo
  org-zh-hant
  org-ja
  org-bo
  work-zh-hant
  work-ja
  cbdb-wikidata-concordance.ndjson
  viaf-wikidata-concordance.ndjson
  ndl-wikidata-concordance.ndjson
Building Norbert concordance…
  auto-accept 848, +3823 reviewed link rows (2 already present)
  4671 Norbert concordance matches; 4662 links applied
Building purge orders…
  1 purge orders → purge-orders/purge-orders.ndjson
Filtering + chunking VIAF↔Wikidata concordance to shipped pack QIDs…
Collecting QIDs from /home/d/Python/ljb/authoritypacks/dist/authority-packs/wikidata…
Allowlist: 1463198 QIDs
Kept 242541/4678793 pairs → /home/d/Python/ljb/authoritypacks/dist/authority-packs/wikidata/viaf-wikidata-concordance.filtered.ndjson (90 chunks under /home/d/Python/ljb/authoritypacks/dist/authority-packs/wikidata/viaf-wikidata-concordance)
Building Norbert office concordance…
  350 office matches; 350 links applied
Applying reviewed noble-title filter…
  1773 approved rules; 5423 source matches; 3096 title candidates

Bundle: /home/d/Python/ljb/authoritypacks/dist/authority-packs-2026-07-05+cbdb20260627+norbert2026-07-25-reduced-authority+wikidatalocal+ndllocal.tar.gz
Index:  /home/d/Python/ljb/authoritypacks/dist/packs-index.json
Version: 2026-07-05+cbdb20260627+norbert2026-07-25-reduced-authority+wikidatalocal+ndllocal
Tarball sha256: c414c9832ee1d373f1024f3cfc723c58dfe798cd2e28cd17558d2520b4046dba
