nohup: ignoring input
npm notice run authority-extraction@0.1.0 wikidata:extract-crosswalk
npm notice run node wikidata/extractCrosswalkConcordance.mjs --dump /home/d/Data/latest-all.json.bz2 --out-dir packs/wikidata --keys viaf,cbdb,ndl,dila,bdrc
  scanned 500,000 … matched 105,609
  scanned 1,000,000 … matched 147,409
  scanned 1,500,000 … matched 174,998
  scanned 2,000,000 … matched 201,223
  scanned 2,500,000 … matched 218,036
  scanned 3,000,000 … matched 227,488
  scanned 3,500,000 … matched 232,292
  scanned 4,000,000 … matched 233,523
  scanned 4,500,000 … matched 236,325
  scanned 5,000,000 … matched 274,102
  scanned 5,500,000 … matched 278,545
  scanned 6,000,000 … matched 291,329
  scanned 6,500,000 … matched 304,003
  scanned 7,000,000 … matched 314,500
  scanned 7,500,000 … matched 332,705
  scanned 8,000,000 … matched 333,981
  scanned 8,500,000 … matched 335,859
  scanned 9,000,000 … matched 337,697
  scanned 9,500,000 … matched 340,670
  scanned 10,000,000 … matched 345,145
  scanned 10,500,000 … matched 352,794
  scanned 11,000,000 … matched 408,737
  scanned 11,500,000 … matched 422,965
  scanned 12,000,000 … matched 439,432
  scanned 12,500,000 … matched 479,241
  scanned 13,000,000 … matched 488,007
  scanned 13,500,000 … matched 498,963
  scanned 14,000,000 … matched 502,107
  scanned 14,500,000 … matched 574,080
  scanned 15,000,000 … matched 637,816
  scanned 15,500,000 … matched 732,689
  scanned 16,000,000 … matched 786,551
  scanned 16,500,000 … matched 816,148
  scanned 17,000,000 … matched 837,810
  scanned 17,500,000 … matched 857,378
  scanned 18,000,000 … matched 865,151
  scanned 18,500,000 … matched 873,476
  scanned 19,000,000 … matched 874,737
  scanned 19,500,000 … matched 876,843
  scanned 20,000,000 … matched 881,244
  scanned 20,500,000 … matched 919,512
  scanned 21,000,000 … matched 923,996
  scanned 21,500,000 … matched 942,697
  scanned 22,000,000 … matched 953,625
  scanned 22,500,000 … matched 974,039
  scanned 23,000,000 … matched 975,192
  scanned 23,500,000 … matched 977,102
  scanned 24,000,000 … matched 978,955
  scanned 24,500,000 … matched 980,869
  scanned 25,000,000 … matched 985,548
  scanned 25,500,000 … matched 990,922
  scanned 26,000,000 … matched 1,047,887
  scanned 26,500,000 … matched 1,059,204
  scanned 27,000,000 … matched 1,077,267
  scanned 27,500,000 … matched 1,119,210
  scanned 28,000,000 … matched 1,125,735
  scanned 28,500,000 … matched 1,137,499
  scanned 29,000,000 … matched 1,143,745
  scanned 29,500,000 … matched 1,204,600
  scanned 30,000,000 … matched 1,249,516
  scanned 30,500,000 … matched 1,357,593
  scanned 31,000,000 … matched 1,418,570
  scanned 31,500,000 … matched 1,450,908
  scanned 32,000,000 … matched 1,475,308
  scanned 32,500,000 … matched 1,497,767
  scanned 33,000,000 … matched 1,505,863
  scanned 33,500,000 … matched 1,515,862
  scanned 34,000,000 … matched 1,517,233
  scanned 34,500,000 … matched 1,519,217
  scanned 35,000,000 … matched 1,523,682
  scanned 35,500,000 … matched 1,561,331
  scanned 36,000,000 … matched 1,565,507
  scanned 36,500,000 … matched 1,583,480
  scanned 37,000,000 … matched 1,594,405
  scanned 37,500,000 … matched 1,616,070
  scanned 38,000,000 … matched 1,617,439
  scanned 38,500,000 … matched 1,619,133
  scanned 39,000,000 … matched 1,621,158
  scanned 39,500,000 … matched 1,622,710
  scanned 40,000,000 … matched 1,626,797
  scanned 40,500,000 … matched 1,631,002
  scanned 41,000,000 … matched 1,688,323
  scanned 41,500,000 … matched 1,699,412
  scanned 42,000,000 … matched 1,714,311
  scanned 42,500,000 … matched 1,758,947
  scanned 43,000,000 … matched 1,766,533
  scanned 43,500,000 … matched 1,774,891
  scanned 44,000,000 … matched 1,784,814
  scanned 44,500,000 … matched 1,798,655
  scanned 45,000,000 … matched 1,883,616
  scanned 45,500,000 … matched 1,970,491
  scanned 46,000,000 … matched 2,047,327
  scanned 46,500,000 … matched 2,079,122
  scanned 47,000,000 … matched 2,106,399
  scanned 47,500,000 … matched 2,133,716
  scanned 48,000,000 … matched 2,146,434
  scanned 48,500,000 … matched 2,156,286
  scanned 49,000,000 … matched 2,159,159
  scanned 49,500,000 … matched 2,160,878
  scanned 50,000,000 … matched 2,165,236
  scanned 50,500,000 … matched 2,202,696
  scanned 51,000,000 … matched 2,206,450
  scanned 51,500,000 … matched 2,223,687
  scanned 52,000,000 … matched 2,234,738
  scanned 52,500,000 … matched 2,257,334
  scanned 53,000,000 … matched 2,259,460
  scanned 53,500,000 … matched 2,260,991
  scanned 54,000,000 … matched 2,263,243
  scanned 54,500,000 … matched 2,264,650
  scanned 55,000,000 … matched 2,267,977
  scanned 55,500,000 … matched 2,272,729
  scanned 56,000,000 … matched 2,314,010
  scanned 56,500,000 … matched 2,337,450
  scanned 57,000,000 … matched 2,353,771
  scanned 57,500,000 … matched 2,389,064
  scanned 58,000,000 … matched 2,407,702
  scanned 58,500,000 … matched 2,415,462
  scanned 59,000,000 … matched 2,427,060
  scanned 59,500,000 … matched 2,436,805
  scanned 60,000,000 … matched 2,503,113
  scanned 60,500,000 … matched 2,573,489
  scanned 61,000,000 … matched 2,676,032
  scanned 61,500,000 … matched 2,717,405
  scanned 62,000,000 … matched 2,744,274
  scanned 62,500,000 … matched 2,770,678
  scanned 63,000,000 … matched 2,787,393
  scanned 63,500,000 … matched 2,796,660
  scanned 64,000,000 … matched 2,801,436
  scanned 64,500,000 … matched 2,802,733
  scanned 65,000,000 … matched 2,805,668
  scanned 65,500,000 … matched 2,843,348
  scanned 66,000,000 … matched 2,847,932
  scanned 66,500,000 … matched 2,862,745
  scanned 67,000,000 … matched 2,873,499
  scanned 67,500,000 … matched 2,883,676
  scanned 68,000,000 … matched 2,901,860
  scanned 68,500,000 … matched 2,903,250
  scanned 69,000,000 … matched 2,905,064
  scanned 69,500,000 … matched 2,906,992
  scanned 70,000,000 … matched 2,909,978
  scanned 70,500,000 … matched 2,914,383
  scanned 71,000,000 … matched 2,923,833
  scanned 71,500,000 … matched 2,977,744
  scanned 72,000,000 … matched 2,992,178
  scanned 72,500,000 … matched 3,008,187
  scanned 73,000,000 … matched 3,047,844
  scanned 73,500,000 … matched 3,056,781
  scanned 74,000,000 … matched 3,067,996
  scanned 74,500,000 … matched 3,071,913
  scanned 75,000,000 … matched 3,144,304
  scanned 75,500,000 … matched 3,212,995
  scanned 76,000,000 … matched 3,307,030
  scanned 76,500,000 … matched 3,359,408
  scanned 77,000,000 … matched 3,387,609
  scanned 77,500,000 … matched 3,409,291
  scanned 78,000,000 … matched 3,428,863
  scanned 78,500,000 … matched 3,437,037
  scanned 79,000,000 … matched 3,444,533
  scanned 79,500,000 … matched 3,445,831
  scanned 80,000,000 … matched 3,447,998
  scanned 80,500,000 … matched 3,464,921
  scanned 81,000,000 … matched 3,490,593
  scanned 81,500,000 … matched 3,495,225
  scanned 82,000,000 … matched 3,514,069
  scanned 82,500,000 … matched 3,525,061
  scanned 83,000,000 … matched 3,545,156
  scanned 83,500,000 … matched 3,546,338
  scanned 84,000,000 … matched 3,548,267
  scanned 84,500,000 … matched 3,550,058
  scanned 85,000,000 … matched 3,552,016
  scanned 85,500,000 … matched 3,556,931
  scanned 86,000,000 … matched 3,563,062
  scanned 86,500,000 … matched 3,618,932
  scanned 87,000,000 … matched 3,630,691
  scanned 87,500,000 … matched 3,648,277
  scanned 88,000,000 … matched 3,689,941
  scanned 88,500,000 … matched 3,696,278
  scanned 89,000,000 … matched 3,708,385
  scanned 89,500,000 … matched 3,714,375
  scanned 90,000,000 … matched 3,785,423
  scanned 90,500,000 … matched 3,820,559
  scanned 91,000,000 … matched 3,930,586
  scanned 91,500,000 … matched 3,991,712
  scanned 92,000,000 … matched 4,024,178
  scanned 92,500,000 … matched 4,047,983
  scanned 93,000,000 … matched 4,069,814
  scanned 93,500,000 … matched 4,077,653
  scanned 94,000,000 … matched 4,087,439
  scanned 94,500,000 … matched 4,088,774
  scanned 95,000,000 … matched 4,090,740
  scanned 95,500,000 … matched 4,095,210
  scanned 96,000,000 … matched 4,133,032
  scanned 96,500,000 … matched 4,137,359
  scanned 97,000,000 … matched 4,155,816
  scanned 97,500,000 … matched 4,166,533
  scanned 98,000,000 … matched 4,188,178
  scanned 98,500,000 … matched 4,189,444
  scanned 99,000,000 … matched 4,191,227
  scanned 99,500,000 … matched 4,193,272
  scanned 100,000,000 … matched 4,194,880
  scanned 100,500,000 … matched 4,199,202
  scanned 101,000,000 … matched 4,203,365
  scanned 101,500,000 … matched 4,260,555
  scanned 102,000,000 … matched 4,271,480
  scanned 102,500,000 … matched 4,286,572
  scanned 103,000,000 … matched 4,331,792
  scanned 103,500,000 … matched 4,338,908
  scanned 104,000,000 … matched 4,347,239
  scanned 104,500,000 … matched 4,357,146
  scanned 105,000,000 … matched 4,371,559
  scanned 105,500,000 … matched 4,456,713
  scanned 106,000,000 … matched 4,544,417
  scanned 106,500,000 … matched 4,620,448
  scanned 107,000,000 … matched 4,651,021
  scanned 107,500,000 … matched 4,678,622
  scanned 108,000,000 … matched 4,706,236
  scanned 108,500,000 … matched 4,718,801
  scanned 109,000,000 … matched 4,728,986
  scanned 109,500,000 … matched 4,731,229
  scanned 110,000,000 … matched 4,733,004
  scanned 110,500,000 … matched 4,737,478
  scanned 111,000,000 … matched 4,775,285
  scanned 111,500,000 … matched 4,778,987
  scanned 112,000,000 … matched 4,796,347
  scanned 112,500,000 … matched 4,807,352
  scanned 113,000,000 … matched 4,829,947
  scanned 113,500,000 … matched 4,832,165
  scanned 114,000,000 … matched 4,833,676
  scanned 114,500,000 … matched 4,835,879
  scanned 115,000,000 … matched 4,837,320
  scanned 115,500,000 … matched 4,840,749
  scanned 116,000,000 … matched 4,845,432
  scanned 116,500,000 … matched 4,893,711
  scanned 117,000,000 … matched 4,910,396
  scanned 117,500,000 … matched 4,926,431
  scanned 118,000,000 … matched 4,962,232
  scanned 118,500,000 … matched 4,980,817
  scanned 119,000,000 … matched 4,988,459
  scanned 119,500,000 … matched 5,000,176
  scanned 120,000,000 … matched 5,010,174
  scanned 120,500,000 … matched 5,076,785
Crosswalk extract complete.
  viaf: 4,678,793 pairs (13,627 ambiguous skipped)
  cbdb: 415,843 pairs (5 ambiguous skipped)
  ndl: 179,307 pairs (191 ambiguous skipped)
  dila: 2,859 pairs (1 ambiguous skipped)
  bdrc: 23,266 pairs (1,658 ambiguous skipped)
  rows: 5,143,842 → /home/d/Python/ljb/authoritypacks/packs/wikidata/wikidata-authority-crosswalk.ndjson
